// Jest Snapshot v1, https://goo.gl/fbAQLP

exports[`renders correctly enzyme 1`] = `
<section
  className="py-7 position-relative dark-overlay"
  data-testid="cta-section"
>
  <CustomImage
    alt="mowo-space-coworking.jpg"
    className="bg-image"
    layout="fill"
    loading="lazy"
    src="https://mowo-production.s3.amazonaws.com/images/pexels-cowomen-2041627.original.jpg"
  />
  <Container
    tag="div"
  >
    <div
      className="overlay-content text-white py-lg-5"
    >
      <h2
        className="display-3 font-weight-bold text-serif text-shadow"
      >
        Die MoWo Story
      </h2>
      <h3
        className="mb-5"
      >
        Verstehe besser was hinter MoWo steckt
      </h3>
      <Link
        href="about-us"
      >
        <Button
          color="light"
          tag="button"
        >
          Ãœber uns
        </Button>
      </Link>
    </div>
  </Container>
</section>
`;
